{"level":"info","time":"2025-04-23T09:16:34Z","message":"System has 7GB RAM, setting iceberg writer batch size to 209715200 bytes"}
{"level":"info","time":"2025-04-23T09:16:34Z","message":"Running sync with state: null"}
{"level":"info","time":"2025-04-23T09:16:35Z","message":"Iceberg JAR file found in target directory: C:\\Users\\deept\\Downloads\\olake-master\\drivers\\mongodb/writers/iceberg/debezium-server-iceberg-sink/target/debezium-server-iceberg-sink-0.0.1-SNAPSHOT.jar"}
{"level":"info","time":"2025-04-23T09:16:35Z","message":"Connected to new iceberg writer on port 50051 for stream check_01JSGYYKMNEB665NH6BX9P8J3T, configHash check_01JSGYYKMNEB665NH6BX9P8J3T-check-false"}
{"level":"info","message":"[Java-Iceberg:50051] 14:46:36.898 [main] INFO  io.debezium.server.iceberg.OlakeRpcServer - Logs will be output to console only","time":"2025-04-23T09:16:36Z"}
{"level":"info","message":"[Java-Iceberg:50051] 14:46:36.994 [main] INFO  org.apache.iceberg.CatalogUtil - Loading custom FileIO implementation: org.apache.iceberg.io.ResolvingFileIO","time":"2025-04-23T09:16:36Z"}
{"level":"error","time":"2025-04-23T09:16:39Z","message":"[Java-Iceberg:50051] Exception in thread \"main\" org.apache.iceberg.jdbc.UncheckedSQLException: Failed to connect: jdbc:postgresql://postgres:5432/iceberg"}
{"level":"error","time":"2025-04-23T09:16:39Z","message":"[Java-Iceberg:50051] \tat org.apache.iceberg.jdbc.JdbcClientPool.newClient(JdbcClientPool.java:90)"}
{"level":"error","time":"2025-04-23T09:16:39Z","message":"[Java-Iceberg:50051] \tat org.apache.iceberg.jdbc.JdbcClientPool.newClient(JdbcClientPool.java:35)"}
{"level":"error","time":"2025-04-23T09:16:39Z","message":"[Java-Iceberg:50051] \tat org.apache.iceberg.ClientPoolImpl.get(ClientPoolImpl.java:143)"}
{"level":"error","time":"2025-04-23T09:16:39Z","message":"[Java-Iceberg:50051] \tat org.apache.iceberg.ClientPoolImpl.run(ClientPoolImpl.java:70)"}
{"level":"error","time":"2025-04-23T09:16:39Z","message":"[Java-Iceberg:50051] \tat org.apache.iceberg.ClientPoolImpl.run(ClientPoolImpl.java:65)"}
{"level":"error","time":"2025-04-23T09:16:39Z","message":"[Java-Iceberg:50051] \tat org.apache.iceberg.jdbc.JdbcCatalog.initializeCatalogTables(JdbcCatalog.java:160)"}
{"level":"error","time":"2025-04-23T09:16:39Z","message":"[Java-Iceberg:50051] \tat org.apache.iceberg.jdbc.JdbcCatalog.initialize(JdbcCatalog.java:146)"}
{"level":"error","time":"2025-04-23T09:16:39Z","message":"[Java-Iceberg:50051] \tat org.apache.iceberg.CatalogUtil.loadCatalog(CatalogUtil.java:274)"}
{"level":"error","time":"2025-04-23T09:16:39Z","message":"[Java-Iceberg:50051] \tat org.apache.iceberg.CatalogUtil.buildIcebergCatalog(CatalogUtil.java:328)"}
{"level":"error","time":"2025-04-23T09:16:39Z","message":"[Java-Iceberg:50051] \tat io.debezium.server.iceberg.OlakeRpcServer.main(OlakeRpcServer.java:70)"}
{"level":"error","time":"2025-04-23T09:16:39Z","message":"[Java-Iceberg:50051] Caused by: org.postgresql.util.PSQLException: The connection attempt failed."}
{"level":"error","time":"2025-04-23T09:16:39Z","message":"[Java-Iceberg:50051] \tat org.postgresql.core.v3.ConnectionFactoryImpl.openConnectionImpl(ConnectionFactoryImpl.java:364)"}
{"level":"error","time":"2025-04-23T09:16:39Z","message":"[Java-Iceberg:50051] \tat org.postgresql.core.ConnectionFactory.openConnection(ConnectionFactory.java:54)"}
{"level":"error","time":"2025-04-23T09:16:39Z","message":"[Java-Iceberg:50051] \tat org.postgresql.jdbc.PgConnection.<init>(PgConnection.java:273)"}
{"level":"error","time":"2025-04-23T09:16:39Z","message":"[Java-Iceberg:50051] \tat org.postgresql.Driver.makeConnection(Driver.java:446)"}
{"level":"error","time":"2025-04-23T09:16:39Z","message":"[Java-Iceberg:50051] \tat org.postgresql.Driver.connect(Driver.java:298)"}
{"level":"error","time":"2025-04-23T09:16:39Z","message":"[Java-Iceberg:50051] \tat java.sql/java.sql.DriverManager.getConnection(DriverManager.java:681)"}
{"level":"error","time":"2025-04-23T09:16:39Z","message":"[Java-Iceberg:50051] \tat java.sql/java.sql.DriverManager.getConnection(DriverManager.java:190)"}
{"level":"error","time":"2025-04-23T09:16:39Z","message":"[Java-Iceberg:50051] \tat org.apache.iceberg.jdbc.JdbcClientPool.newClient(JdbcClientPool.java:88)"}
{"level":"error","time":"2025-04-23T09:16:39Z","message":"[Java-Iceberg:50051] \t... 9 more"}
{"level":"error","time":"2025-04-23T09:16:39Z","message":"[Java-Iceberg:50051] Caused by: java.net.UnknownHostException: postgres"}
{"level":"error","time":"2025-04-23T09:16:39Z","message":"[Java-Iceberg:50051] \tat java.base/sun.nio.ch.NioSocketImpl.connect(NioSocketImpl.java:572)"}
{"level":"error","time":"2025-04-23T09:16:39Z","message":"[Java-Iceberg:50051] \tat java.base/java.net.SocksSocketImpl.connect(SocksSocketImpl.java:327)"}
{"level":"error","time":"2025-04-23T09:16:39Z","message":"[Java-Iceberg:50051] \tat java.base/java.net.Socket.connect(Socket.java:633)"}
{"level":"error","time":"2025-04-23T09:16:39Z","message":"[Java-Iceberg:50051] \tat org.postgresql.core.PGStream.createSocket(PGStream.java:260)"}
{"level":"error","time":"2025-04-23T09:16:39Z","message":"[Java-Iceberg:50051] \tat org.postgresql.core.PGStream.<init>(PGStream.java:121)"}
{"level":"error","time":"2025-04-23T09:16:39Z","message":"[Java-Iceberg:50051] \tat org.postgresql.core.v3.ConnectionFactoryImpl.tryConnect(ConnectionFactoryImpl.java:140)"}
{"level":"error","time":"2025-04-23T09:16:39Z","message":"[Java-Iceberg:50051] \tat org.postgresql.core.v3.ConnectionFactoryImpl.openConnectionImpl(ConnectionFactoryImpl.java:268)"}
{"level":"error","time":"2025-04-23T09:16:39Z","message":"[Java-Iceberg:50051] \t... 16 more"}
{"level":"info","time":"2025-04-23T09:17:05Z","message":"Shutting down Iceberg server on port 50051"}
{"level":"error","time":"2025-04-23T09:17:05Z","message":"Failed to kill Iceberg server: TerminateProcess: Access is denied."}
{"level":"fatal","time":"2025-04-23T09:17:05Z","message":"failed to test destination: error sending record to Iceberg RPC Server: rpc error: code = DeadlineExceeded desc = latest balancer error: connection error: desc = \"transport: Error while dialing: dial tcp [::1]:50051: connectex: No connection could be made because the target machine actively refused it.\""}
