{"level":"info","time":"2025-04-23T09:42:32Z","message":"System has 7GB RAM, setting iceberg writer batch size to 209715200 bytes"}
{"level":"info","time":"2025-04-23T09:42:32Z","message":"Running sync with state: null"}
{"level":"info","time":"2025-04-23T09:42:32Z","message":"Iceberg JAR file found in target directory: C:\\Users\\deept\\Downloads\\olake-master\\drivers\\mongodb/writers/iceberg/debezium-server-iceberg-sink/target/debezium-server-iceberg-sink-0.0.1-SNAPSHOT.jar"}
{"level":"info","time":"2025-04-23T09:42:32Z","message":"Connected to new iceberg writer on port 50051 for stream check_01JSH0E4KDD5K4AJFE3Y2SY2DA, configHash check_01JSH0E4KDD5K4AJFE3Y2SY2DA-check-false"}
{"level":"info","message":"[Java-Iceberg:50051] 15:12:34.153 [main] INFO  io.debezium.server.iceberg.OlakeRpcServer - Logs will be output to console only","time":"2025-04-23T09:42:34Z"}
{"level":"info","message":"[Java-Iceberg:50051] 15:12:34.250 [main] INFO  org.apache.iceberg.CatalogUtil - Loading custom FileIO implementation: org.apache.iceberg.io.ResolvingFileIO","time":"2025-04-23T09:42:34Z"}
{"level":"info","message":"[Java-Iceberg:50051] 15:12:35.046 [main] INFO  io.debezium.serde.json.JsonSerdeConfig - JsonSerdeConfig values: ","time":"2025-04-23T09:42:35Z"}
{"level":"info","message":"[Java-Iceberg:50051] \tfrom.field = null","time":"2025-04-23T09:42:35Z"}
{"level":"info","message":"[Java-Iceberg:50051] \tunknown.properties.ignored = false","time":"2025-04-23T09:42:35Z"}
{"level":"info","message":"[Java-Iceberg:50051] ","time":"2025-04-23T09:42:35Z"}
{"level":"info","message":"[Java-Iceberg:50051] 15:12:35.048 [main] INFO  io.debezium.serde.json.JsonSerdeConfig - JsonSerdeConfig values: ","time":"2025-04-23T09:42:35Z"}
{"level":"info","message":"[Java-Iceberg:50051] \tfrom.field = null","time":"2025-04-23T09:42:35Z"}
{"level":"info","message":"[Java-Iceberg:50051] \tunknown.properties.ignored = false","time":"2025-04-23T09:42:35Z"}
{"level":"info","message":"[Java-Iceberg:50051] ","time":"2025-04-23T09:42:35Z"}
{"level":"info","message":"[Java-Iceberg:50051] 15:12:35.607 [main] INFO  io.debezium.server.iceberg.OlakeRpcServer - Server started on port 50051 with max message size: 2000MB","time":"2025-04-23T09:42:35Z"}
{"level":"info","message":"[Java-Iceberg:50051] 15:12:38.267 [grpc-default-executor-0] INFO  io.debezium.server.iceberg.rpc.OlakeRowsIngester - [Thread-32-9980419897900] Parsing messages took: 32 ms","time":"2025-04-23T09:42:38Z"}
{"level":"info","message":"[Java-Iceberg:50051] 15:12:38.318 [grpc-default-executor-0] WARN  io.debezium.server.iceberg.IcebergUtil - Creating table:'olake_iceberg.olake_test_table'","time":"2025-04-23T09:42:38Z"}
{"level":"info","message":"[Java-Iceberg:50051] schema:table {","time":"2025-04-23T09:42:38Z"}
{"level":"info","message":"[Java-Iceberg:50051]   1: _id: required string (id)","time":"2025-04-23T09:42:38Z"}
{"level":"info","message":"[Java-Iceberg:50051]   2: __deleted: optional boolean","time":"2025-04-23T09:42:38Z"}
{"level":"info","message":"[Java-Iceberg:50051]   3: __op: optional string","time":"2025-04-23T09:42:38Z"}
{"level":"info","message":"[Java-Iceberg:50051]   4: __db: optional string","time":"2025-04-23T09:42:38Z"}
{"level":"info","message":"[Java-Iceberg:50051]   5: __source_ts_ms: optional timestamptz","time":"2025-04-23T09:42:38Z"}
{"level":"info","message":"[Java-Iceberg:50051] }","time":"2025-04-23T09:42:38Z"}
{"level":"info","message":"[Java-Iceberg:50051] rowIdentifier:[_id]","time":"2025-04-23T09:42:38Z"}
{"level":"info","message":"[Java-Iceberg:50051] 15:12:38.337 [grpc-default-executor-0] INFO  org.apache.iceberg.BaseMetastoreCatalog - Table properties set at catalog level through catalog properties: {}","time":"2025-04-23T09:42:38Z"}
{"level":"info","message":"[Java-Iceberg:50051] 15:12:38.349 [grpc-default-executor-0] INFO  org.apache.iceberg.BaseMetastoreCatalog - Table properties enforced at catalog level through catalog properties: {}","time":"2025-04-23T09:42:38Z"}
{"level":"info","message":"[Java-Iceberg:50051] 15:12:38.383 [grpc-default-executor-0] INFO  org.apache.iceberg.CatalogUtil - Loading custom FileIO implementation: org.apache.iceberg.aws.s3.S3FileIO","time":"2025-04-23T09:42:38Z"}
{"level":"info","message":"[Java-Iceberg:50051] 15:12:39.341 [grpc-default-executor-0] ERROR io.debezium.server.iceberg.rpc.OlakeRowsIngester - Failed to create table from debezium event schema: olake_iceberg.olake_test_table Error: Failed to create output stream for location: s3a://warehouse/olake_iceberg/olake_test_table/metadata/00000-22e98c7f-f36a-4de7-a33a-ec443fb9bba5.metadata.json","time":"2025-04-23T09:42:39Z"}
{"level":"info","message":"[Java-Iceberg:50051] java.io.UncheckedIOException: Failed to create output stream for location: s3a://warehouse/olake_iceberg/olake_test_table/metadata/00000-22e98c7f-f36a-4de7-a33a-ec443fb9bba5.metadata.json","time":"2025-04-23T09:42:39Z"}
{"level":"info","message":"[Java-Iceberg:50051] \tat org.apache.iceberg.aws.s3.S3OutputFile.createOrOverwrite(S3OutputFile.java:72) ~[debezium-server-iceberg-sink-0.0.1-SNAPSHOT.jar:?]","time":"2025-04-23T09:42:39Z"}
{"level":"info","message":"[Java-Iceberg:50051] \tat org.apache.iceberg.TableMetadataParser.internalWrite(TableMetadataParser.java:125) ~[debezium-server-iceberg-sink-0.0.1-SNAPSHOT.jar:?]","time":"2025-04-23T09:42:39Z"}
{"level":"info","message":"[Java-Iceberg:50051] \tat org.apache.iceberg.TableMetadataParser.overwrite(TableMetadataParser.java:115) ~[debezium-server-iceberg-sink-0.0.1-SNAPSHOT.jar:?]","time":"2025-04-23T09:42:39Z"}
{"level":"info","message":"[Java-Iceberg:50051] \tat org.apache.iceberg.BaseMetastoreTableOperations.writeNewMetadata(BaseMetastoreTableOperations.java:160) ~[debezium-server-iceberg-sink-0.0.1-SNAPSHOT.jar:?]","time":"2025-04-23T09:42:39Z"}
{"level":"info","message":"[Java-Iceberg:50051] \tat org.apache.iceberg.BaseMetastoreTableOperations.writeNewMetadataIfRequired(BaseMetastoreTableOperations.java:150) ~[debezium-server-iceberg-sink-0.0.1-SNAPSHOT.jar:?]","time":"2025-04-23T09:42:39Z"}
{"level":"info","message":"[Java-Iceberg:50051] \tat org.apache.iceberg.jdbc.JdbcTableOperations.doCommit(JdbcTableOperations.java:106) ~[debezium-server-iceberg-sink-0.0.1-SNAPSHOT.jar:?]","time":"2025-04-23T09:42:39Z"}
{"level":"info","message":"[Java-Iceberg:50051] \tat org.apache.iceberg.BaseMetastoreTableOperations.commit(BaseMetastoreTableOperations.java:125) ~[debezium-server-iceberg-sink-0.0.1-SNAPSHOT.jar:?]","time":"2025-04-23T09:42:39Z"}
{"level":"info","message":"[Java-Iceberg:50051] \tat org.apache.iceberg.BaseMetastoreCatalog$BaseMetastoreCatalogTableBuilder.create(BaseMetastoreCatalog.java:201) ~[debezium-server-iceberg-sink-0.0.1-SNAPSHOT.jar:?]","time":"2025-04-23T09:42:39Z"}
{"level":"info","message":"[Java-Iceberg:50051] \tat io.debezium.server.iceberg.IcebergUtil.createIcebergTable(IcebergUtil.java:134) ~[debezium-server-iceberg-sink-0.0.1-SNAPSHOT.jar:?]","time":"2025-04-23T09:42:39Z"}
{"level":"info","message":"[Java-Iceberg:50051] \tat io.debezium.server.iceberg.rpc.OlakeRowsIngester.lambda$loadIcebergTable$1(OlakeRowsIngester.java:116) ~[debezium-server-iceberg-sink-0.0.1-SNAPSHOT.jar:?]","time":"2025-04-23T09:42:39Z"}
{"level":"info","message":"[Java-Iceberg:50051] \tat java.base/java.util.Optional.orElseGet(Optional.java:364) [?:?]","time":"2025-04-23T09:42:39Z"}
{"level":"info","message":"[Java-Iceberg:50051] \tat io.debezium.server.iceberg.rpc.OlakeRowsIngester.loadIcebergTable(OlakeRowsIngester.java:114) [debezium-server-iceberg-sink-0.0.1-SNAPSHOT.jar:?]","time":"2025-04-23T09:42:39Z"}
{"level":"info","message":"[Java-Iceberg:50051] \tat io.debezium.server.iceberg.rpc.OlakeRowsIngester.sendRecords(OlakeRowsIngester.java:89) [debezium-server-iceberg-sink-0.0.1-SNAPSHOT.jar:?]","time":"2025-04-23T09:42:39Z"}
{"level":"info","message":"[Java-Iceberg:50051] \tat io.debezium.server.iceberg.rpc.RecordIngestServiceGrpc$MethodHandlers.invoke(RecordIngestServiceGrpc.java:232) [debezium-server-iceberg-sink-0.0.1-SNAPSHOT.jar:?]","time":"2025-04-23T09:42:39Z"}
{"level":"info","message":"[Java-Iceberg:50051] \tat io.grpc.stub.ServerCalls$UnaryServerCallHandler$UnaryServerCallListener.onHalfClose(ServerCalls.java:182) [debezium-server-iceberg-sink-0.0.1-SNAPSHOT.jar:?]","time":"2025-04-23T09:42:39Z"}
{"level":"info","message":"[Java-Iceberg:50051] \tat io.grpc.internal.ServerCallImpl$ServerStreamListenerImpl.halfClosed(ServerCallImpl.java:356) [debezium-server-iceberg-sink-0.0.1-SNAPSHOT.jar:?]","time":"2025-04-23T09:42:39Z"}
{"level":"info","message":"[Java-Iceberg:50051] \tat io.grpc.internal.ServerImpl$JumpToApplicationThreadServerStreamListener$1HalfClosed.runInContext(ServerImpl.java:861) [debezium-server-iceberg-sink-0.0.1-SNAPSHOT.jar:?]","time":"2025-04-23T09:42:39Z"}
{"level":"info","message":"[Java-Iceberg:50051] \tat io.grpc.internal.ContextRunnable.run(ContextRunnable.java:37) [debezium-server-iceberg-sink-0.0.1-SNAPSHOT.jar:?]","time":"2025-04-23T09:42:39Z"}
{"level":"info","message":"[Java-Iceberg:50051] \tat io.grpc.internal.SerializingExecutor.run(SerializingExecutor.java:133) [debezium-server-iceberg-sink-0.0.1-SNAPSHOT.jar:?]","time":"2025-04-23T09:42:39Z"}
{"level":"info","message":"[Java-Iceberg:50051] \tat java.base/java.util.concurrent.ThreadPoolExecutor.runWorker(ThreadPoolExecutor.java:1136) [?:?]","time":"2025-04-23T09:42:39Z"}
{"level":"info","message":"[Java-Iceberg:50051] \tat java.base/java.util.concurrent.ThreadPoolExecutor$Worker.run(ThreadPoolExecutor.java:635) [?:?]","time":"2025-04-23T09:42:39Z"}
{"level":"info","message":"[Java-Iceberg:50051] \tat java.base/java.lang.Thread.run(Thread.java:840) [?:?]","time":"2025-04-23T09:42:39Z"}
{"level":"info","message":"[Java-Iceberg:50051] Caused by: java.io.IOException: Access is denied","time":"2025-04-23T09:42:39Z"}
{"level":"info","message":"[Java-Iceberg:50051] \tat java.base/java.io.WinNTFileSystem.createFileExclusively(Native Method) ~[?:?]","time":"2025-04-23T09:42:39Z"}
{"level":"info","message":"[Java-Iceberg:50051] \tat java.base/java.io.File.createTempFile(File.java:2170) ~[?:?]","time":"2025-04-23T09:42:39Z"}
{"level":"info","message":"[Java-Iceberg:50051] \tat org.apache.iceberg.aws.s3.S3OutputStream.newStream(S3OutputStream.java:219) ~[debezium-server-iceberg-sink-0.0.1-SNAPSHOT.jar:?]","time":"2025-04-23T09:42:39Z"}
{"level":"info","message":"[Java-Iceberg:50051] \tat org.apache.iceberg.aws.s3.S3OutputStream.<init>(S3OutputStream.java:150) ~[debezium-server-iceberg-sink-0.0.1-SNAPSHOT.jar:?]","time":"2025-04-23T09:42:39Z"}
{"level":"info","message":"[Java-Iceberg:50051] \tat org.apache.iceberg.aws.s3.S3OutputFile.createOrOverwrite(S3OutputFile.java:70) ~[debezium-server-iceberg-sink-0.0.1-SNAPSHOT.jar:?]","time":"2025-04-23T09:42:39Z"}
{"level":"info","message":"[Java-Iceberg:50051] \t... 21 more","time":"2025-04-23T09:42:39Z"}
{"level":"info","message":"[Java-Iceberg:50051] 15:12:39.351 [grpc-default-executor-0] ERROR io.debezium.server.iceberg.rpc.OlakeRowsIngester - [Thread-32-9980419897900] Failed to process table events for table: olake_test_table","time":"2025-04-23T09:42:39Z"}
{"level":"info","message":"[Java-Iceberg:50051] io.debezium.DebeziumException: Failed to create table from debezium event schema: olake_iceberg.olake_test_table Error: Failed to create output stream for location: s3a://warehouse/olake_iceberg/olake_test_table/metadata/00000-22e98c7f-f36a-4de7-a33a-ec443fb9bba5.metadata.json","time":"2025-04-23T09:42:39Z"}
{"level":"info","message":"[Java-Iceberg:50051] \tat io.debezium.server.iceberg.rpc.OlakeRowsIngester.lambda$loadIcebergTable$1(OlakeRowsIngester.java:120) ~[debezium-server-iceberg-sink-0.0.1-SNAPSHOT.jar:?]","time":"2025-04-23T09:42:39Z"}
{"level":"info","message":"[Java-Iceberg:50051] \tat java.base/java.util.Optional.orElseGet(Optional.java:364) ~[?:?]","time":"2025-04-23T09:42:39Z"}
{"level":"info","message":"[Java-Iceberg:50051] \tat io.debezium.server.iceberg.rpc.OlakeRowsIngester.loadIcebergTable(OlakeRowsIngester.java:114) ~[debezium-server-iceberg-sink-0.0.1-SNAPSHOT.jar:?]","time":"2025-04-23T09:42:39Z"}
{"level":"info","message":"[Java-Iceberg:50051] \tat io.debezium.server.iceberg.rpc.OlakeRowsIngester.sendRecords(OlakeRowsIngester.java:89) [debezium-server-iceberg-sink-0.0.1-SNAPSHOT.jar:?]","time":"2025-04-23T09:42:39Z"}
{"level":"info","message":"[Java-Iceberg:50051] \tat io.debezium.server.iceberg.rpc.RecordIngestServiceGrpc$MethodHandlers.invoke(RecordIngestServiceGrpc.java:232) [debezium-server-iceberg-sink-0.0.1-SNAPSHOT.jar:?]","time":"2025-04-23T09:42:39Z"}
{"level":"info","message":"[Java-Iceberg:50051] \tat io.grpc.stub.ServerCalls$UnaryServerCallHandler$UnaryServerCallListener.onHalfClose(ServerCalls.java:182) [debezium-server-iceberg-sink-0.0.1-SNAPSHOT.jar:?]","time":"2025-04-23T09:42:39Z"}
{"level":"info","message":"[Java-Iceberg:50051] \tat io.grpc.internal.ServerCallImpl$ServerStreamListenerImpl.halfClosed(ServerCallImpl.java:356) [debezium-server-iceberg-sink-0.0.1-SNAPSHOT.jar:?]","time":"2025-04-23T09:42:39Z"}
{"level":"info","message":"[Java-Iceberg:50051] \tat io.grpc.internal.ServerImpl$JumpToApplicationThreadServerStreamListener$1HalfClosed.runInContext(ServerImpl.java:861) [debezium-server-iceberg-sink-0.0.1-SNAPSHOT.jar:?]","time":"2025-04-23T09:42:39Z"}
{"level":"info","message":"[Java-Iceberg:50051] \tat io.grpc.internal.ContextRunnable.run(ContextRunnable.java:37) [debezium-server-iceberg-sink-0.0.1-SNAPSHOT.jar:?]","time":"2025-04-23T09:42:39Z"}
{"level":"info","message":"[Java-Iceberg:50051] \tat io.grpc.internal.SerializingExecutor.run(SerializingExecutor.java:133) [debezium-server-iceberg-sink-0.0.1-SNAPSHOT.jar:?]","time":"2025-04-23T09:42:39Z"}
{"level":"info","message":"[Java-Iceberg:50051] \tat java.base/java.util.concurrent.ThreadPoolExecutor.runWorker(ThreadPoolExecutor.java:1136) [?:?]","time":"2025-04-23T09:42:39Z"}
{"level":"info","message":"[Java-Iceberg:50051] \tat java.base/java.util.concurrent.ThreadPoolExecutor$Worker.run(ThreadPoolExecutor.java:635) [?:?]","time":"2025-04-23T09:42:39Z"}
{"level":"info","message":"[Java-Iceberg:50051] \tat java.base/java.lang.Thread.run(Thread.java:840) [?:?]","time":"2025-04-23T09:42:39Z"}
{"level":"info","message":"[Java-Iceberg:50051] Caused by: java.io.UncheckedIOException: Failed to create output stream for location: s3a://warehouse/olake_iceberg/olake_test_table/metadata/00000-22e98c7f-f36a-4de7-a33a-ec443fb9bba5.metadata.json","time":"2025-04-23T09:42:39Z"}
{"level":"info","message":"[Java-Iceberg:50051] \tat org.apache.iceberg.aws.s3.S3OutputFile.createOrOverwrite(S3OutputFile.java:72) ~[debezium-server-iceberg-sink-0.0.1-SNAPSHOT.jar:?]","time":"2025-04-23T09:42:39Z"}
{"level":"info","message":"[Java-Iceberg:50051] \tat org.apache.iceberg.TableMetadataParser.internalWrite(TableMetadataParser.java:125) ~[debezium-server-iceberg-sink-0.0.1-SNAPSHOT.jar:?]","time":"2025-04-23T09:42:39Z"}
{"level":"info","message":"[Java-Iceberg:50051] \tat org.apache.iceberg.TableMetadataParser.overwrite(TableMetadataParser.java:115) ~[debezium-server-iceberg-sink-0.0.1-SNAPSHOT.jar:?]","time":"2025-04-23T09:42:39Z"}
{"level":"info","message":"[Java-Iceberg:50051] \tat org.apache.iceberg.BaseMetastoreTableOperations.writeNewMetadata(BaseMetastoreTableOperations.java:160) ~[debezium-server-iceberg-sink-0.0.1-SNAPSHOT.jar:?]","time":"2025-04-23T09:42:39Z"}
{"level":"info","message":"[Java-Iceberg:50051] \tat org.apache.iceberg.BaseMetastoreTableOperations.writeNewMetadataIfRequired(BaseMetastoreTableOperations.java:150) ~[debezium-server-iceberg-sink-0.0.1-SNAPSHOT.jar:?]","time":"2025-04-23T09:42:39Z"}
{"level":"info","message":"[Java-Iceberg:50051] \tat org.apache.iceberg.jdbc.JdbcTableOperations.doCommit(JdbcTableOperations.java:106) ~[debezium-server-iceberg-sink-0.0.1-SNAPSHOT.jar:?]","time":"2025-04-23T09:42:39Z"}
{"level":"info","message":"[Java-Iceberg:50051] \tat org.apache.iceberg.BaseMetastoreTableOperations.commit(BaseMetastoreTableOperations.java:125) ~[debezium-server-iceberg-sink-0.0.1-SNAPSHOT.jar:?]","time":"2025-04-23T09:42:39Z"}
{"level":"info","message":"[Java-Iceberg:50051] \tat org.apache.iceberg.BaseMetastoreCatalog$BaseMetastoreCatalogTableBuilder.create(BaseMetastoreCatalog.java:201) ~[debezium-server-iceberg-sink-0.0.1-SNAPSHOT.jar:?]","time":"2025-04-23T09:42:39Z"}
{"level":"info","message":"[Java-Iceberg:50051] \tat io.debezium.server.iceberg.IcebergUtil.createIcebergTable(IcebergUtil.java:134) ~[debezium-server-iceberg-sink-0.0.1-SNAPSHOT.jar:?]","time":"2025-04-23T09:42:39Z"}
{"level":"info","message":"[Java-Iceberg:50051] \tat io.debezium.server.iceberg.rpc.OlakeRowsIngester.lambda$loadIcebergTable$1(OlakeRowsIngester.java:116) ~[debezium-server-iceberg-sink-0.0.1-SNAPSHOT.jar:?]","time":"2025-04-23T09:42:39Z"}
{"level":"info","message":"[Java-Iceberg:50051] \t... 12 more","time":"2025-04-23T09:42:39Z"}
{"level":"info","message":"[Java-Iceberg:50051] Caused by: java.io.IOException: Access is denied","time":"2025-04-23T09:42:39Z"}
{"level":"info","message":"[Java-Iceberg:50051] \tat java.base/java.io.WinNTFileSystem.createFileExclusively(Native Method) ~[?:?]","time":"2025-04-23T09:42:39Z"}
{"level":"info","message":"[Java-Iceberg:50051] \tat java.base/java.io.File.createTempFile(File.java:2170) ~[?:?]","time":"2025-04-23T09:42:39Z"}
{"level":"info","message":"[Java-Iceberg:50051] \tat org.apache.iceberg.aws.s3.S3OutputStream.newStream(S3OutputStream.java:219) ~[debezium-server-iceberg-sink-0.0.1-SNAPSHOT.jar:?]","time":"2025-04-23T09:42:39Z"}
{"level":"info","message":"[Java-Iceberg:50051] \tat org.apache.iceberg.aws.s3.S3OutputStream.<init>(S3OutputStream.java:150) ~[debezium-server-iceberg-sink-0.0.1-SNAPSHOT.jar:?]","time":"2025-04-23T09:42:39Z"}
{"level":"info","message":"[Java-Iceberg:50051] \tat org.apache.iceberg.aws.s3.S3OutputFile.createOrOverwrite(S3OutputFile.java:70) ~[debezium-server-iceberg-sink-0.0.1-SNAPSHOT.jar:?]","time":"2025-04-23T09:42:39Z"}
{"level":"info","message":"[Java-Iceberg:50051] \tat org.apache.iceberg.TableMetadataParser.internalWrite(TableMetadataParser.java:125) ~[debezium-server-iceberg-sink-0.0.1-SNAPSHOT.jar:?]","time":"2025-04-23T09:42:39Z"}
{"level":"info","message":"[Java-Iceberg:50051] \tat org.apache.iceberg.TableMetadataParser.overwrite(TableMetadataParser.java:115) ~[debezium-server-iceberg-sink-0.0.1-SNAPSHOT.jar:?]","time":"2025-04-23T09:42:39Z"}
{"level":"info","message":"[Java-Iceberg:50051] \tat org.apache.iceberg.BaseMetastoreTableOperations.writeNewMetadata(BaseMetastoreTableOperations.java:160) ~[debezium-server-iceberg-sink-0.0.1-SNAPSHOT.jar:?]","time":"2025-04-23T09:42:39Z"}
{"level":"info","message":"[Java-Iceberg:50051] \tat org.apache.iceberg.BaseMetastoreTableOperations.writeNewMetadataIfRequired(BaseMetastoreTableOperations.java:150) ~[debezium-server-iceberg-sink-0.0.1-SNAPSHOT.jar:?]","time":"2025-04-23T09:42:39Z"}
{"level":"info","message":"[Java-Iceberg:50051] \tat org.apache.iceberg.jdbc.JdbcTableOperations.doCommit(JdbcTableOperations.java:106) ~[debezium-server-iceberg-sink-0.0.1-SNAPSHOT.jar:?]","time":"2025-04-23T09:42:39Z"}
{"level":"info","message":"[Java-Iceberg:50051] \tat org.apache.iceberg.BaseMetastoreTableOperations.commit(BaseMetastoreTableOperations.java:125) ~[debezium-server-iceberg-sink-0.0.1-SNAPSHOT.jar:?]","time":"2025-04-23T09:42:39Z"}
{"level":"info","message":"[Java-Iceberg:50051] \tat org.apache.iceberg.BaseMetastoreCatalog$BaseMetastoreCatalogTableBuilder.create(BaseMetastoreCatalog.java:201) ~[debezium-server-iceberg-sink-0.0.1-SNAPSHOT.jar:?]","time":"2025-04-23T09:42:39Z"}
{"level":"info","message":"[Java-Iceberg:50051] \tat io.debezium.server.iceberg.IcebergUtil.createIcebergTable(IcebergUtil.java:134) ~[debezium-server-iceberg-sink-0.0.1-SNAPSHOT.jar:?]","time":"2025-04-23T09:42:39Z"}
{"level":"info","message":"[Java-Iceberg:50051] \tat io.debezium.server.iceberg.rpc.OlakeRowsIngester.lambda$loadIcebergTable$1(OlakeRowsIngester.java:116) ~[debezium-server-iceberg-sink-0.0.1-SNAPSHOT.jar:?]","time":"2025-04-23T09:42:39Z"}
{"level":"info","message":"[Java-Iceberg:50051] \t... 12 more","time":"2025-04-23T09:42:39Z"}
{"level":"info","message":"[Java-Iceberg:50051] 15:12:39.359 [grpc-default-executor-0] ERROR io.debezium.server.iceberg.rpc.OlakeRowsIngester - [Thread-32-9980419897900] Failed to process request: Failed to create table from debezium event schema: olake_iceberg.olake_test_table Error: Failed to create output stream for location: s3a://warehouse/olake_iceberg/olake_test_table/metadata/00000-22e98c7f-f36a-4de7-a33a-ec443fb9bba5.metadata.json","time":"2025-04-23T09:42:39Z"}
{"level":"info","message":"[Java-Iceberg:50051] io.debezium.DebeziumException: Failed to create table from debezium event schema: olake_iceberg.olake_test_table Error: Failed to create output stream for location: s3a://warehouse/olake_iceberg/olake_test_table/metadata/00000-22e98c7f-f36a-4de7-a33a-ec443fb9bba5.metadata.json","time":"2025-04-23T09:42:39Z"}
{"level":"info","message":"[Java-Iceberg:50051] \tat io.debezium.server.iceberg.rpc.OlakeRowsIngester.lambda$loadIcebergTable$1(OlakeRowsIngester.java:120) ~[debezium-server-iceberg-sink-0.0.1-SNAPSHOT.jar:?]","time":"2025-04-23T09:42:39Z"}
{"level":"info","message":"[Java-Iceberg:50051] \tat java.base/java.util.Optional.orElseGet(Optional.java:364) ~[?:?]","time":"2025-04-23T09:42:39Z"}
{"level":"info","message":"[Java-Iceberg:50051] \tat io.debezium.server.iceberg.rpc.OlakeRowsIngester.loadIcebergTable(OlakeRowsIngester.java:114) ~[debezium-server-iceberg-sink-0.0.1-SNAPSHOT.jar:?]","time":"2025-04-23T09:42:39Z"}
{"level":"info","message":"[Java-Iceberg:50051] \tat io.debezium.server.iceberg.rpc.OlakeRowsIngester.sendRecords(OlakeRowsIngester.java:89) [debezium-server-iceberg-sink-0.0.1-SNAPSHOT.jar:?]","time":"2025-04-23T09:42:39Z"}
{"level":"info","message":"[Java-Iceberg:50051] \tat io.debezium.server.iceberg.rpc.RecordIngestServiceGrpc$MethodHandlers.invoke(RecordIngestServiceGrpc.java:232) [debezium-server-iceberg-sink-0.0.1-SNAPSHOT.jar:?]","time":"2025-04-23T09:42:39Z"}
{"level":"info","message":"[Java-Iceberg:50051] \tat io.grpc.stub.ServerCalls$UnaryServerCallHandler$UnaryServerCallListener.onHalfClose(ServerCalls.java:182) [debezium-server-iceberg-sink-0.0.1-SNAPSHOT.jar:?]","time":"2025-04-23T09:42:39Z"}
{"level":"info","message":"[Java-Iceberg:50051] \tat io.grpc.internal.ServerCallImpl$ServerStreamListenerImpl.halfClosed(ServerCallImpl.java:356) [debezium-server-iceberg-sink-0.0.1-SNAPSHOT.jar:?]","time":"2025-04-23T09:42:39Z"}
{"level":"info","message":"[Java-Iceberg:50051] \tat io.grpc.internal.ServerImpl$JumpToApplicationThreadServerStreamListener$1HalfClosed.runInContext(ServerImpl.java:861) [debezium-server-iceberg-sink-0.0.1-SNAPSHOT.jar:?]","time":"2025-04-23T09:42:39Z"}
{"level":"info","message":"[Java-Iceberg:50051] \tat io.grpc.internal.ContextRunnable.run(ContextRunnable.java:37) [debezium-server-iceberg-sink-0.0.1-SNAPSHOT.jar:?]","time":"2025-04-23T09:42:39Z"}
{"level":"info","message":"[Java-Iceberg:50051] \tat io.grpc.internal.SerializingExecutor.run(SerializingExecutor.java:133) [debezium-server-iceberg-sink-0.0.1-SNAPSHOT.jar:?]","time":"2025-04-23T09:42:39Z"}
{"level":"info","message":"[Java-Iceberg:50051] \tat java.base/java.util.concurrent.ThreadPoolExecutor.runWorker(ThreadPoolExecutor.java:1136) [?:?]","time":"2025-04-23T09:42:39Z"}
{"level":"info","message":"[Java-Iceberg:50051] \tat java.base/java.util.concurrent.ThreadPoolExecutor$Worker.run(ThreadPoolExecutor.java:635) [?:?]","time":"2025-04-23T09:42:39Z"}
{"level":"info","message":"[Java-Iceberg:50051] \tat java.base/java.lang.Thread.run(Thread.java:840) [?:?]","time":"2025-04-23T09:42:39Z"}
{"level":"info","message":"[Java-Iceberg:50051] Caused by: java.io.UncheckedIOException: Failed to create output stream for location: s3a://warehouse/olake_iceberg/olake_test_table/metadata/00000-22e98c7f-f36a-4de7-a33a-ec443fb9bba5.metadata.json","time":"2025-04-23T09:42:39Z"}
{"level":"info","message":"[Java-Iceberg:50051] \tat org.apache.iceberg.aws.s3.S3OutputFile.createOrOverwrite(S3OutputFile.java:72) ~[debezium-server-iceberg-sink-0.0.1-SNAPSHOT.jar:?]","time":"2025-04-23T09:42:39Z"}
{"level":"info","message":"[Java-Iceberg:50051] \tat org.apache.iceberg.TableMetadataParser.internalWrite(TableMetadataParser.java:125) ~[debezium-server-iceberg-sink-0.0.1-SNAPSHOT.jar:?]","time":"2025-04-23T09:42:39Z"}
{"level":"info","message":"[Java-Iceberg:50051] \tat org.apache.iceberg.TableMetadataParser.overwrite(TableMetadataParser.java:115) ~[debezium-server-iceberg-sink-0.0.1-SNAPSHOT.jar:?]","time":"2025-04-23T09:42:39Z"}
{"level":"info","message":"[Java-Iceberg:50051] \tat org.apache.iceberg.BaseMetastoreTableOperations.writeNewMetadata(BaseMetastoreTableOperations.java:160) ~[debezium-server-iceberg-sink-0.0.1-SNAPSHOT.jar:?]","time":"2025-04-23T09:42:39Z"}
{"level":"info","message":"[Java-Iceberg:50051] \tat org.apache.iceberg.BaseMetastoreTableOperations.writeNewMetadataIfRequired(BaseMetastoreTableOperations.java:150) ~[debezium-server-iceberg-sink-0.0.1-SNAPSHOT.jar:?]","time":"2025-04-23T09:42:39Z"}
{"level":"info","message":"[Java-Iceberg:50051] \tat org.apache.iceberg.jdbc.JdbcTableOperations.doCommit(JdbcTableOperations.java:106) ~[debezium-server-iceberg-sink-0.0.1-SNAPSHOT.jar:?]","time":"2025-04-23T09:42:39Z"}
{"level":"info","message":"[Java-Iceberg:50051] \tat org.apache.iceberg.BaseMetastoreTableOperations.commit(BaseMetastoreTableOperations.java:125) ~[debezium-server-iceberg-sink-0.0.1-SNAPSHOT.jar:?]","time":"2025-04-23T09:42:39Z"}
{"level":"info","message":"[Java-Iceberg:50051] \tat org.apache.iceberg.BaseMetastoreCatalog$BaseMetastoreCatalogTableBuilder.create(BaseMetastoreCatalog.java:201) ~[debezium-server-iceberg-sink-0.0.1-SNAPSHOT.jar:?]","time":"2025-04-23T09:42:39Z"}
{"level":"info","message":"[Java-Iceberg:50051] \tat io.debezium.server.iceberg.IcebergUtil.createIcebergTable(IcebergUtil.java:134) ~[debezium-server-iceberg-sink-0.0.1-SNAPSHOT.jar:?]","time":"2025-04-23T09:42:39Z"}
{"level":"info","time":"2025-04-23T09:42:39Z","message":"Shutting down Iceberg server on port 50051"}
{"level":"info","message":"[Java-Iceberg:50051] \tat io.debezium.server.iceberg.rpc.OlakeRowsIngester.lambda$loadIcebergTable$1(OlakeRowsIngester.java:116) ~[debezium-server-iceberg-sink-0.0.1-SNAPSHOT.jar:?]","time":"2025-04-23T09:42:39Z"}
{"level":"info","message":"[Java-Iceberg:50051] \t... 12 more","time":"2025-04-23T09:42:39Z"}
{"level":"info","message":"[Java-Iceberg:50051] Caused by: java.io.IOException: Access is denied","time":"2025-04-23T09:42:39Z"}
{"level":"info","message":"[Java-Iceberg:50051] \tat java.base/java.io.WinNTFileSystem.createFileExclusively(Native Method) ~[?:?]","time":"2025-04-23T09:42:39Z"}
{"level":"fatal","time":"2025-04-23T09:42:39Z","message":"failed to test destination: error sending record to Iceberg RPC Server: rpc error: code = Internal desc = [Thread-32-9980419897900] Failed to process request: Failed to create table from debezium event schema: olake_iceberg.olake_test_table Error: Failed to create output stream for location: s3a://warehouse/olake_iceberg/olake_test_table/metadata/00000-22e98c7f-f36a-4de7-a33a-ec443fb9bba5.metadata.json"}
{"level":"info","message":"[Java-Iceberg:50051] \tat java.base/java.io.File.createTempFile(File.java:2170) ~[?:?]","time":"2025-04-23T09:42:39Z"}
